// Jest Snapshot v1, https://goo.gl/fbAQLP

exports[`should return logged user 1`] = `
{
  "data": {
    "me": {
      "name": "user#1",
    },
  },
}
`;
